Flow report for deeper_project_settings
Thu Mar 22 23:25:01 2018
Quartus Prime Version 17.1.0 Build 590 10/25/2017 SJ Lite Edition


---------------------
; Table of Contents ;
---------------------
  1. Legal Notice
  2. Flow Summary
  3. Flow Settings
  4. Flow Non-Default Global Settings
  5. Flow Elapsed Time
  6. Flow OS Summary
  7. Flow Log
  8. Flow Messages
  9. Flow Suppressed Messages



----------------
; Legal Notice ;
----------------
Copyright (C) 2017  Intel Corporation. All rights reserved.
Your use of Intel Corporation's design tools, logic functions 
and other software and tools, and its AMPP partner logic 
functions, and any output files from any of the foregoing 
(including device programming or simulation files), and any 
associated documentation or information are expressly subject 
to the terms and conditions of the Intel Program License 
Subscription Agreement, the Intel Quartus Prime License Agreement,
the Intel FPGA IP License Agreement, or other applicable license
agreement, including, without limitation, that your use is for
the sole purpose of programming logic devices manufactured by
Intel and sold by Intel or its authorized distributors.  Please
refer to the applicable agreement for further details.



+----------------------------------------------------------------------------------+
; Flow Summary                                                                     ;
+------------------------------------+---------------------------------------------+
; Flow Status                        ; Successful - Thu Mar 22 23:24:54 2018       ;
; Quartus Prime Version              ; 17.1.0 Build 590 10/25/2017 SJ Lite Edition ;
; Revision Name                      ; deeper_project_settings                     ;
; Top-level Entity Name              ; sha256_spi                                  ;
; Family                             ; Cyclone IV E                                ;
; Device                             ; EP4CE10E22C6                                ;
; Timing Models                      ; Final                                       ;
; Total logic elements               ; 1,929 / 10,320 ( 19 % )                     ;
;     Total combinational functions  ; 1,845 / 10,320 ( 18 % )                     ;
;     Dedicated logic registers      ; 873 / 10,320 ( 8 % )                        ;
; Total registers                    ; 873                                         ;
; Total pins                         ; 7 / 92 ( 8 % )                              ;
; Total virtual pins                 ; 0                                           ;
; Total memory bits                  ; 0 / 423,936 ( 0 % )                         ;
; Embedded Multiplier 9-bit elements ; 0 / 46 ( 0 % )                              ;
; Total PLLs                         ; 0 / 2 ( 0 % )                               ;
+------------------------------------+---------------------------------------------+


+---------------------------------------------+
; Flow Settings                               ;
+-------------------+-------------------------+
; Option            ; Setting                 ;
+-------------------+-------------------------+
; Start date & time ; 03/22/2018 23:22:53     ;
; Main task         ; Compilation             ;
; Revision Name     ; deeper_project_settings ;
+-------------------+-------------------------+


+------------------------------------------------------------------------------------------------------------------------------------------+
; Flow Non-Default Global Settings                                                                                                         ;
+--------------------------------------------+----------------------------------------+-------------------------+-------------+------------+
; Assignment Name                            ; Value                                  ; Default Value           ; Entity Name ; Section Id ;
+--------------------------------------------+----------------------------------------+-------------------------+-------------+------------+
; ALM_REGISTER_PACKING_EFFORT                ; High                                   ; Medium                  ; --          ; --         ;
; AUTO_RAM_TO_LCELL_CONVERSION               ; On                                     ; Off                     ; --          ; --         ;
; AUTO_RESOURCE_SHARING                      ; On                                     ; Off                     ; --          ; --         ;
; AUTO_ROM_RECOGNITION                       ; Off                                    ; On                      ; --          ; --         ;
; COMPILER_SIGNATURE_ID                      ; 247163804268891.152175377207932        ; --                      ; --          ; --         ;
; CYCLONEII_OPTIMIZATION_TECHNIQUE           ; Speed                                  ; Balanced                ; --          ; --         ;
; DSP_BLOCK_BALANCING                        ; Logic Elements                         ; Auto                    ; --          ; --         ;
; FITTER_AGGRESSIVE_ROUTABILITY_OPTIMIZATION ; Never                                  ; Automatically           ; --          ; --         ;
; FITTER_EFFORT                              ; Standard Fit                           ; Auto Fit                ; --          ; --         ;
; MAX_CORE_JUNCTION_TEMP                     ; 85                                     ; --                      ; --          ; --         ;
; MIN_CORE_JUNCTION_TEMP                     ; 0                                      ; --                      ; --          ; --         ;
; MISC_FILE                                  ; adder_lpm_add_inst.v                   ; --                      ; --          ; --         ;
; MISC_FILE                                  ; adder_lpm_add_bb.v                     ; --                      ; --          ; --         ;
; MISC_FILE                                  ; par_add_6_inst.v                       ; --                      ; --          ; --         ;
; MISC_FILE                                  ; par_add_6_bb.v                         ; --                      ; --          ; --         ;
; MISC_FILE                                  ; par_add_7_inst.v                       ; --                      ; --          ; --         ;
; MISC_FILE                                  ; par_add_7_bb.v                         ; --                      ; --          ; --         ;
; MISC_FILE                                  ; par_add_4_inst.v                       ; --                      ; --          ; --         ;
; MISC_FILE                                  ; par_add_4_bb.v                         ; --                      ; --          ; --         ;
; MUX_RESTRUCTURE                            ; Off                                    ; Auto                    ; --          ; --         ;
; NOMINAL_CORE_SUPPLY_VOLTAGE                ; 1.2V                                   ; --                      ; --          ; --         ;
; OPTIMIZATION_MODE                          ; Aggressive Performance                 ; Balanced                ; --          ; --         ;
; PARTITION_COLOR                            ; -- (Not supported for targeted family) ; --                      ; sha256_spi  ; Top        ;
; PARTITION_FITTER_PRESERVATION_LEVEL        ; -- (Not supported for targeted family) ; --                      ; sha256_spi  ; Top        ;
; PARTITION_NETLIST_TYPE                     ; -- (Not supported for targeted family) ; --                      ; sha256_spi  ; Top        ;
; PHYSICAL_SYNTHESIS_COMBO_LOGIC             ; On                                     ; Off                     ; --          ; --         ;
; PHYSICAL_SYNTHESIS_EFFORT                  ; Extra                                  ; Normal                  ; --          ; --         ;
; PHYSICAL_SYNTHESIS_REGISTER_RETIMING       ; On                                     ; Off                     ; --          ; --         ;
; PLACEMENT_EFFORT_MULTIPLIER                ; 4.0                                    ; 1.0                     ; --          ; --         ;
; POWER_BOARD_THERMAL_MODEL                  ; None (CONSERVATIVE)                    ; --                      ; --          ; --         ;
; POWER_PRESET_COOLING_SOLUTION              ; 23 MM HEAT SINK WITH 200 LFPM AIRFLOW  ; --                      ; --          ; --         ;
; POWER_USE_DEVICE_CHARACTERISTICS           ; MAXIMUM                                ; TYPICAL                 ; --          ; --         ;
; PROJECT_OUTPUT_DIRECTORY                   ; output_files                           ; --                      ; --          ; --         ;
; ROUTER_CLOCKING_TOPOLOGY_ANALYSIS          ; On                                     ; Off                     ; --          ; --         ;
; ROUTER_TIMING_OPTIMIZATION_LEVEL           ; MAXIMUM                                ; Normal                  ; --          ; --         ;
; SMART_RECOMPILE                            ; On                                     ; Off                     ; --          ; --         ;
; TOP_LEVEL_ENTITY                           ; sha256_spi                             ; deeper_project_settings ; --          ; --         ;
+--------------------------------------------+----------------------------------------+-------------------------+-------------+------------+


+-------------------------------------------------------------------------------------------------------------------------------+
; Flow Elapsed Time                                                                                                             ;
+---------------------------+--------------+-------------------------+---------------------+------------------------------------+
; Module Name               ; Elapsed Time ; Average Processors Used ; Peak Virtual Memory ; Total CPU Time (on all processors) ;
+---------------------------+--------------+-------------------------+---------------------+------------------------------------+
; Analysis & Synthesis      ; 00:01:01     ; 1.0                     ; 736 MB              ; 00:01:02                           ;
; Fitter                    ; 00:00:51     ; 1.1                     ; 1481 MB             ; 00:01:05                           ;
; Assembler                 ; 00:00:04     ; 1.0                     ; 560 MB              ; 00:00:02                           ;
; TimeQuest Timing Analyzer ; 00:00:06     ; 1.2                     ; 673 MB              ; 00:00:05                           ;
; Total                     ; 00:02:02     ; --                      ; --                  ; 00:02:14                           ;
+---------------------------+--------------+-------------------------+---------------------+------------------------------------+


+-----------------------------------------------------------------------------------------+
; Flow OS Summary                                                                         ;
+---------------------------+------------------+------------+------------+----------------+
; Module Name               ; Machine Hostname ; OS Name    ; OS Version ; Processor type ;
+---------------------------+------------------+------------+------------+----------------+
; Analysis & Synthesis      ; DESKTOP-T3ALA46  ; Windows 10 ; 10.0       ; x86_64         ;
; Fitter                    ; DESKTOP-T3ALA46  ; Windows 10 ; 10.0       ; x86_64         ;
; Assembler                 ; DESKTOP-T3ALA46  ; Windows 10 ; 10.0       ; x86_64         ;
; TimeQuest Timing Analyzer ; DESKTOP-T3ALA46  ; Windows 10 ; 10.0       ; x86_64         ;
+---------------------------+------------------+------------+------------+----------------+


------------
; Flow Log ;
------------
quartus_map --read_settings_files=on --write_settings_files=off sha256_spi -c deeper_project_settings
quartus_fit --read_settings_files=off --write_settings_files=off sha256_spi -c deeper_project_settings
quartus_asm --read_settings_files=off --write_settings_files=off sha256_spi -c deeper_project_settings
quartus_sta sha256_spi -c deeper_project_settings



