Flow report for sha256_spi
Thu Mar 29 23:33:48 2018
Quartus Prime Version 17.1.0 Build 590 10/25/2017 SJ Lite Edition


---------------------
; Table of Contents ;
---------------------
  1. Legal Notice
  2. Flow Summary
  3. Flow Settings
  4. Flow Non-Default Global Settings
  5. Flow Elapsed Time
  6. Flow OS Summary
  7. Flow Log
  8. Flow Messages
  9. Flow Suppressed Messages



----------------
; Legal Notice ;
----------------
Copyright (C) 2017  Intel Corporation. All rights reserved.
Your use of Intel Corporation's design tools, logic functions 
and other software and tools, and its AMPP partner logic 
functions, and any output files from any of the foregoing 
(including device programming or simulation files), and any 
associated documentation or information are expressly subject 
to the terms and conditions of the Intel Program License 
Subscription Agreement, the Intel Quartus Prime License Agreement,
the Intel FPGA IP License Agreement, or other applicable license
agreement, including, without limitation, that your use is for
the sole purpose of programming logic devices manufactured by
Intel and sold by Intel or its authorized distributors.  Please
refer to the applicable agreement for further details.



+----------------------------------------------------------------------------------+
; Flow Summary                                                                     ;
+------------------------------------+---------------------------------------------+
; Flow Status                        ; Successful - Thu Mar 29 23:33:48 2018       ;
; Quartus Prime Version              ; 17.1.0 Build 590 10/25/2017 SJ Lite Edition ;
; Revision Name                      ; sha256_spi                                  ;
; Top-level Entity Name              ; sha256_spi                                  ;
; Family                             ; Cyclone IV E                                ;
; Device                             ; EP4CE10E22C6                                ;
; Timing Models                      ; Final                                       ;
; Total logic elements               ; 3,942 / 10,320 ( 38 % )                     ;
;     Total combinational functions  ; 3,848 / 10,320 ( 37 % )                     ;
;     Dedicated logic registers      ; 830 / 10,320 ( 8 % )                        ;
; Total registers                    ; 830                                         ;
; Total pins                         ; 7 / 92 ( 8 % )                              ;
; Total virtual pins                 ; 0                                           ;
; Total memory bits                  ; 0 / 423,936 ( 0 % )                         ;
; Embedded Multiplier 9-bit elements ; 0 / 46 ( 0 % )                              ;
; Total PLLs                         ; 0 / 2 ( 0 % )                               ;
+------------------------------------+---------------------------------------------+


+-----------------------------------------+
; Flow Settings                           ;
+-------------------+---------------------+
; Option            ; Setting             ;
+-------------------+---------------------+
; Start date & time ; 03/29/2018 23:30:36 ;
; Main task         ; Compilation         ;
; Revision Name     ; sha256_spi          ;
+-------------------+---------------------+


+---------------------------------------------------------------------------------------------------------------------------------------+
; Flow Non-Default Global Settings                                                                                                      ;
+--------------------------------------+-------------------------------------------------+---------------+-------------+----------------+
; Assignment Name                      ; Value                                           ; Default Value ; Entity Name ; Section Id     ;
+--------------------------------------+-------------------------------------------------+---------------+-------------+----------------+
; ALLOW_REGISTER_DUPLICATION           ; Off                                             ; On            ; --          ; --             ;
; ALLOW_REGISTER_MERGING               ; Off                                             ; On            ; --          ; --             ;
; ALLOW_REGISTER_RETIMING              ; Off                                             ; On            ; --          ; --             ;
; AUTO_ROM_RECOGNITION                 ; Off                                             ; On            ; --          ; --             ;
; COMPILER_SIGNATURE_ID                ; 247163804268891.152235543508444                 ; --            ; --          ; --             ;
; CYCLONEII_OPTIMIZATION_TECHNIQUE     ; Speed                                           ; Balanced      ; --          ; --             ;
; EDA_DESIGN_INSTANCE_NAME             ; NA                                              ; --            ; --          ; main_tb        ;
; EDA_NATIVELINK_SIMULATION_TEST_BENCH ; main_tb                                         ; --            ; --          ; eda_simulation ;
; EDA_NETLIST_WRITER_OUTPUT_DIR        ; C:\workspace\sha256-core\projects\modelsim\8in1 ; --            ; --          ; eda_simulation ;
; EDA_OUTPUT_DATA_FORMAT               ; Verilog Hdl                                     ; --            ; --          ; eda_simulation ;
; EDA_SIMULATION_TOOL                  ; ModelSim-Altera (Verilog)                       ; <None>        ; --          ; --             ;
; EDA_TEST_BENCH_ENABLE_STATUS         ; TEST_BENCH_MODE                                 ; --            ; --          ; eda_simulation ;
; EDA_TEST_BENCH_FILE                  ; ../../src/top/top_tb.v                          ; --            ; --          ; main_tb        ;
; EDA_TEST_BENCH_MODULE_NAME           ; main_tb                                         ; --            ; --          ; main_tb        ;
; EDA_TEST_BENCH_NAME                  ; main_tb                                         ; --            ; --          ; eda_simulation ;
; EDA_TEST_BENCH_RUN_SIM_FOR           ; 100 ms                                          ; --            ; --          ; main_tb        ;
; EDA_TIME_SCALE                       ; 1 ps                                            ; --            ; --          ; eda_simulation ;
; FITTER_EFFORT                        ; Standard Fit                                    ; Auto Fit      ; --          ; --             ;
; MAX_CORE_JUNCTION_TEMP               ; 85                                              ; --            ; --          ; --             ;
; MIN_CORE_JUNCTION_TEMP               ; 0                                               ; --            ; --          ; --             ;
; MISC_FILE                            ; adder_lpm_add_inst.v                            ; --            ; --          ; --             ;
; MISC_FILE                            ; adder_lpm_add_bb.v                              ; --            ; --          ; --             ;
; MISC_FILE                            ; par_add_6_inst.v                                ; --            ; --          ; --             ;
; MISC_FILE                            ; par_add_6_bb.v                                  ; --            ; --          ; --             ;
; MISC_FILE                            ; par_add_7_inst.v                                ; --            ; --          ; --             ;
; MISC_FILE                            ; par_add_7_bb.v                                  ; --            ; --          ; --             ;
; MISC_FILE                            ; par_add_4_inst.v                                ; --            ; --          ; --             ;
; MISC_FILE                            ; par_add_4_bb.v                                  ; --            ; --          ; --             ;
; MUX_RESTRUCTURE                      ; Off                                             ; Auto          ; --          ; --             ;
; NOMINAL_CORE_SUPPLY_VOLTAGE          ; 1.2V                                            ; --            ; --          ; --             ;
; OPTIMIZATION_MODE                    ; Aggressive Performance                          ; Balanced      ; --          ; --             ;
; PARTITION_COLOR                      ; -- (Not supported for targeted family)          ; --            ; --          ; Top            ;
; PARTITION_FITTER_PRESERVATION_LEVEL  ; -- (Not supported for targeted family)          ; --            ; --          ; Top            ;
; PARTITION_NETLIST_TYPE               ; -- (Not supported for targeted family)          ; --            ; --          ; Top            ;
; PHYSICAL_SYNTHESIS_COMBO_LOGIC       ; On                                              ; Off           ; --          ; --             ;
; PLACEMENT_EFFORT_MULTIPLIER          ; 4.0                                             ; 1.0           ; --          ; --             ;
; POWER_BOARD_THERMAL_MODEL            ; None (CONSERVATIVE)                             ; --            ; --          ; --             ;
; POWER_PRESET_COOLING_SOLUTION        ; 23 MM HEAT SINK WITH 200 LFPM AIRFLOW           ; --            ; --          ; --             ;
; POWER_USE_DEVICE_CHARACTERISTICS     ; MAXIMUM                                         ; TYPICAL       ; --          ; --             ;
; PROJECT_OUTPUT_DIRECTORY             ; output_files                                    ; --            ; --          ; --             ;
; REMOVE_DUPLICATE_REGISTERS           ; Off                                             ; On            ; --          ; --             ;
; ROUTER_REGISTER_DUPLICATION          ; Off                                             ; Auto          ; --          ; --             ;
; ROUTER_TIMING_OPTIMIZATION_LEVEL     ; MAXIMUM                                         ; Normal        ; --          ; --             ;
; SMART_RECOMPILE                      ; On                                              ; Off           ; --          ; --             ;
+--------------------------------------+-------------------------------------------------+---------------+-------------+----------------+


+-------------------------------------------------------------------------------------------------------------------------------+
; Flow Elapsed Time                                                                                                             ;
+---------------------------+--------------+-------------------------+---------------------+------------------------------------+
; Module Name               ; Elapsed Time ; Average Processors Used ; Peak Virtual Memory ; Total CPU Time (on all processors) ;
+---------------------------+--------------+-------------------------+---------------------+------------------------------------+
; Analysis & Synthesis      ; 00:01:01     ; 1.0                     ; 748 MB              ; 00:01:12                           ;
; Fitter                    ; 00:01:37     ; 1.1                     ; 1513 MB             ; 00:02:33                           ;
; Assembler                 ; 00:00:03     ; 1.0                     ; 568 MB              ; 00:00:02                           ;
; TimeQuest Timing Analyzer ; 00:00:11     ; 1.5                     ; 725 MB              ; 00:00:09                           ;
; EDA Netlist Writer        ; 00:00:14     ; 1.0                     ; 562 MB              ; 00:00:10                           ;
; Total                     ; 00:03:06     ; --                      ; --                  ; 00:04:06                           ;
+---------------------------+--------------+-------------------------+---------------------+------------------------------------+


+-----------------------------------------------------------------------------------------+
; Flow OS Summary                                                                         ;
+---------------------------+------------------+------------+------------+----------------+
; Module Name               ; Machine Hostname ; OS Name    ; OS Version ; Processor type ;
+---------------------------+------------------+------------+------------+----------------+
; Analysis & Synthesis      ; DESKTOP-T3ALA46  ; Windows 10 ; 10.0       ; x86_64         ;
; Fitter                    ; DESKTOP-T3ALA46  ; Windows 10 ; 10.0       ; x86_64         ;
; Assembler                 ; DESKTOP-T3ALA46  ; Windows 10 ; 10.0       ; x86_64         ;
; TimeQuest Timing Analyzer ; DESKTOP-T3ALA46  ; Windows 10 ; 10.0       ; x86_64         ;
; EDA Netlist Writer        ; DESKTOP-T3ALA46  ; Windows 10 ; 10.0       ; x86_64         ;
+---------------------------+------------------+------------+------------+----------------+


------------
; Flow Log ;
------------
quartus_map --read_settings_files=on --write_settings_files=off sha256_spi -c sha256_spi
quartus_fit --read_settings_files=off --write_settings_files=off sha256_spi -c sha256_spi
quartus_asm --read_settings_files=off --write_settings_files=off sha256_spi -c sha256_spi
quartus_sta sha256_spi -c sha256_spi
quartus_eda --read_settings_files=off --write_settings_files=off sha256_spi -c sha256_spi



